{"spritemap":{"1":{"start":-839,"end":-838.5367573696145,"loop":false},"2":{"start":-1074,"end":-1073.7169160997732,"loop":false},"3":{"start":-1077,"end":-1076.781723356009,"loop":false},"u":{"start":-1093,"end":-1092.9000907029479,"loop":false},"s":{"start":-1108,"end":-1107.1879138321995,"loop":false},"e":{"start":-1112,"end":-1111.875238095238,"loop":false},"t":{"start":-1109,"end":-1108.8587074829932,"loop":false},"r":{"start":-1090,"end":-1089.8317006802722,"loop":false},"i":{"start":-1059,"end":-1058.8756009070294,"loop":false},"c":{"start":-1100,"end":-1099.7591383219954,"loop":false},";":{"start":-1121,"end":-1120.7279138321996,"loop":false},"v":{"start":-1035,"end":-1034.915328798186,"loop":false},"a":{"start":-1087,"end":-1086.905283446712,"loop":false},"f":{"start":-1045,"end":-1043.1199092970521,"loop":false},"=":{"start":-1044,"end":-1043.6008616780045,"loop":false},"q":{"start":-1085,"end":-1084.727120181406,"loop":false},"(":{"start":-1113,"end":-1112.5627437641724,"loop":false},")":{"start":-1117,"end":-1116.5192290249433,"loop":false},"o":{"start":-1111,"end":-1109.478299319728,"loop":false},"d":{"start":-1110,"end":-1109.8791609977325,"loop":false},"m":{"start":-1075,"end":-1074.9062131519274,"loop":false},"p":{"start":-1098,"end":-1097.7255782312925,"loop":false},"w":{"start":-945,"end":-944.9321768707483,"loop":false},"x":{"start":-1097,"end":-1096.8156689342404,"loop":false},"{":{"start":-985,"end":-984.3928571428571,"loop":false},"h":{"start":-907,"end":-906.9297732426304,"loop":false},"l":{"start":-1094,"end":-1093.816394557823,"loop":false},"n":{"start":-1111,"end":-1110.8872789115646,"loop":false},"g":{"start":-1073,"end":-1072.88306122449,"loop":false},"j":{"start":-961,"end":-960.8434240362811,"loop":false},"F":{"start":-1050,"end":-1048.1199092970521,"loop":false},"S":{"start":-1053,"end":-1052.1879138321995,"loop":false},"y":{"start":-1054,"end":-1053.8163265306123,"loop":false},"}":{"start":-1120,"end":-1119.6921088435374,"loop":false}}}