{"spritemap":{"1":{"start":-278,"end":-277.5367573696145,"loop":false},"2":{"start":-513,"end":-512.7169160997732,"loop":false},"3":{"start":-516,"end":-515.781723356009,"loop":false},"u":{"start":-532,"end":-531.9000907029479,"loop":false},"s":{"start":-547,"end":-546.1879138321996,"loop":false},"e":{"start":-551,"end":-550.875238095238,"loop":false},"t":{"start":-548,"end":-547.8587074829932,"loop":false},"r":{"start":-529,"end":-528.8317006802721,"loop":false},"i":{"start":-498,"end":-497.8756009070295,"loop":false},"c":{"start":-539,"end":-538.7591383219955,"loop":false},";":{"start":-560,"end":-559.7279138321995,"loop":false},"v":{"start":-474,"end":-473.91532879818595,"loop":false},"a":{"start":-526,"end":-525.905283446712,"loop":false},"f":{"start":-484,"end":-482.1199092970522,"loop":false},"=":{"start":-483,"end":-482.60086167800455,"loop":false},"q":{"start":-524,"end":-523.7271201814059,"loop":false},"(":{"start":-552,"end":-551.5627437641723,"loop":false},")":{"start":-556,"end":-555.5192290249433,"loop":false},"o":{"start":-550,"end":-548.4782993197279,"loop":false},"d":{"start":-549,"end":-548.8791609977325,"loop":false},"m":{"start":-514,"end":-513.9062131519274,"loop":false},"p":{"start":-537,"end":-536.7255782312925,"loop":false},"w":{"start":-384,"end":-383.9321768707483,"loop":false},"x":{"start":-536,"end":-535.8156689342403,"loop":false},"{":{"start":-424,"end":-423.39285714285717,"loop":false},"h":{"start":-346,"end":-345.9297732426304,"loop":false},"l":{"start":-533,"end":-532.8163945578232,"loop":false},"n":{"start":-550,"end":-549.8872789115646,"loop":false},"g":{"start":-512,"end":-511.8830612244898,"loop":false},"j":{"start":-400,"end":-399.8434240362812,"loop":false},"F":{"start":-489,"end":-487.1199092970522,"loop":false},"S":{"start":-492,"end":-491.18791383219957,"loop":false},"y":{"start":-493,"end":-492.81632653061223,"loop":false},"}":{"start":-559,"end":-558.6921088435374,"loop":false}}}